// Jest Snapshot v1, https://goo.gl/fbAQLP

exports[`Must allow adding 1`] = `
<form
  onSubmit={[Function]}
>
  <label>
    Add todo:
  </label>
  <input
    onChange={[Function]}
    type="text"
    value=""
  />
</form>
`;
