// Jest Snapshot v1, https://goo.gl/fbAQLP

exports[`Must render properly 1`] = `
<li>
  Do something
   
  <button>
    delete
  </button>
</li>
`;
